// Jest Snapshot v1, https://goo.gl/fbAQLP

exports[`matches snapshot 1`] = `
<div
  className="score-field"
  data-testid="score"
>
  55
</div>
`;
