// Jest Snapshot v1, https://goo.gl/fbAQLP

exports[`matches snapshot 1`] = `
<div>
  <div
    className="doodle-platform"
    data-testid="renderedGameObject"
    style={
      Object {
        "bottom": "133px",
        "display": "block",
        "left": "200px",
      }
    }
  />
</div>
`;
