// Jest Snapshot v1, https://goo.gl/fbAQLP

exports[`matches snapshot 1`] = `
<div
  className="doodle-jumper"
  data-testid="jumper"
  style={
    Object {
      "bottom": "150px",
      "left": "200px",
      "transform": "scaleX(1)",
    }
  }
/>
`;
